[     208ms] [INFO] %cDownload the React DevTools for a better development experience: https://react.dev/link/react-devtools font-weight:bold @ http://localhost:3001/_next/static/chunks/node_modules_next_dist_1ybzpk2._.js:2477
[     266ms] [LOG] [HMR] connected @ http://localhost:3001/_next/static/chunks/node_modules_next_dist_1ybzpk2._.js:2477
[    2647ms] [ERROR] Failed to load resource: net::ERR_CONNECTION_REFUSED @ http://localhost:8000/projects:0
[   44600ms] [INFO] %cDownload the React DevTools for a better development experience: https://react.dev/link/react-devtools font-weight:bold @ http://localhost:3001/_next/static/chunks/node_modules_next_dist_1ybzpk2._.js:2477
[   44616ms] [LOG] [HMR] connected @ http://localhost:3001/_next/static/chunks/node_modules_next_dist_1ybzpk2._.js:2477
[ 1406472ms] [ERROR] Failed to load resource: the server responded with a status of 409 (Conflict) @ http://localhost:8000/projects/8e0273e9-7b9d-4b4c-9317-c09fbdcf9636/approve:0
[ 2742702ms] [INFO] %cDownload the React DevTools for a better development experience: https://react.dev/link/react-devtools font-weight:bold @ http://localhost:3001/_next/static/chunks/node_modules_next_dist_1ybzpk2._.js:2477
[ 2742726ms] [LOG] [HMR] connected @ http://localhost:3001/_next/static/chunks/node_modules_next_dist_1ybzpk2._.js:2477
[ 3512673ms] [ERROR] Failed to load resource: the server responded with a status of 409 (Conflict) @ http://localhost:8000/projects/087be1a5-d307-4cd0-9f2e-a6a12b8bbda4/approve:0
[ 5388924ms] [LOG] [HMR] connected @ http://localhost:3001/_next/static/chunks/node_modules_next_dist_1ybzpk2._.js:2477
[ 5389056ms] [LOG] [Fast Refresh] rebuilding @ http://localhost:3001/_next/static/chunks/node_modules_next_dist_1ybzpk2._.js:2477
[ 5389219ms] [LOG] [Fast Refresh] done in 274ms @ http://localhost:3001/_next/static/chunks/node_modules_next_dist_1ybzpk2._.js:2477
[ 5952524ms] [LOG] [HMR] connected @ http://localhost:3001/_next/static/chunks/node_modules_next_dist_1ybzpk2._.js:2477
[ 5952645ms] [LOG] [Fast Refresh] rebuilding @ http://localhost:3001/_next/static/chunks/node_modules_next_dist_1ybzpk2._.js:2477
[ 5952936ms] [LOG] [Fast Refresh] done in 408ms @ http://localhost:3001/_next/static/chunks/node_modules_next_dist_1ybzpk2._.js:2477
[ 8368596ms] [LOG] [HMR] connected @ http://localhost:3001/_next/static/chunks/node_modules_next_dist_1ybzpk2._.js:2477
[ 8368710ms] [LOG] [Fast Refresh] rebuilding @ http://localhost:3001/_next/static/chunks/node_modules_next_dist_1ybzpk2._.js:2477
[ 8368964ms] [LOG] [Fast Refresh] done in 363ms @ http://localhost:3001/_next/static/chunks/node_modules_next_dist_1ybzpk2._.js:2477
[12206855ms] [LOG] [HMR] connected @ http://localhost:3001/_next/static/chunks/node_modules_next_dist_1ybzpk2._.js:2477
[12206960ms] [LOG] [Fast Refresh] rebuilding @ http://localhost:3001/_next/static/chunks/node_modules_next_dist_1ybzpk2._.js:2477
[12209629ms] [LOG] [Fast Refresh] done in 2771ms @ http://localhost:3001/_next/static/chunks/node_modules_next_dist_1ybzpk2._.js:2477
[12247902ms] [ERROR] Failed to load resource: net::ERR_NETWORK_CHANGED @ http://localhost:8000/projects/087be1a5-d307-4cd0-9f2e-a6a12b8bbda4/files:0
[12247932ms] [ERROR] Failed to load resource: net::ERR_NETWORK_CHANGED @ http://localhost:8000/workflow/7c5880fe-8fde-4169-86c7-cda01adeab36:0
[12247933ms] [ERROR] Failed to load resource: net::ERR_NETWORK_CHANGED @ http://localhost:8000/projects/087be1a5-d307-4cd0-9f2e-a6a12b8bbda4:0
[12247957ms] [ERROR] Failed to load resource: net::ERR_NETWORK_CHANGED @ http://localhost:8000/workflow/f72b5e69-bd94-4d35-90b2-ba1703ea8bfb:0
[12247958ms] [ERROR] Failed to load resource: net::ERR_NETWORK_CHANGED @ http://localhost:8000/workflow/da1312f3-3f51-44e2-a535-8e1df2a59522:0
[15116950ms] [LOG] [HMR] connected @ http://localhost:3001/_next/static/chunks/node_modules_next_dist_1ybzpk2._.js:2477
[15117065ms] [LOG] [Fast Refresh] rebuilding @ http://localhost:3001/_next/static/chunks/node_modules_next_dist_1ybzpk2._.js:2477
[15123927ms] [LOG] [HMR] connected @ http://localhost:3001/_next/static/chunks/node_modules_next_dist_1ybzpk2._.js:2477
[15123933ms] [LOG] [Fast Refresh] done in 6979ms @ http://localhost:3001/_next/static/chunks/node_modules_next_dist_1ybzpk2._.js:2477
[19085300ms] [LOG] [HMR] connected @ http://localhost:3001/_next/static/chunks/node_modules_next_dist_1ybzpk2._.js:2477
[19085408ms] [LOG] [Fast Refresh] rebuilding @ http://localhost:3001/_next/static/chunks/node_modules_next_dist_1ybzpk2._.js:2477
[19085811ms] [LOG] [Fast Refresh] done in 507ms @ http://localhost:3001/_next/static/chunks/node_modules_next_dist_1ybzpk2._.js:2477
[22038726ms] [LOG] [HMR] connected @ http://localhost:3001/_next/static/chunks/node_modules_next_dist_1ybzpk2._.js:2477
[22038834ms] [LOG] [Fast Refresh] rebuilding @ http://localhost:3001/_next/static/chunks/node_modules_next_dist_1ybzpk2._.js:2477
[22038834ms] [LOG] [Fast Refresh] done in 105ms @ http://localhost:3001/_next/static/chunks/node_modules_next_dist_1ybzpk2._.js:2477
[25911217ms] [LOG] [HMR] connected @ http://localhost:3001/_next/static/chunks/node_modules_next_dist_1ybzpk2._.js:2477
[25911334ms] [LOG] [Fast Refresh] rebuilding @ http://localhost:3001/_next/static/chunks/node_modules_next_dist_1ybzpk2._.js:2477
[26003217ms] [LOG] [Fast Refresh] done in 91995ms @ http://localhost:3001/_next/static/chunks/node_modules_next_dist_1ybzpk2._.js:2477
[29387168ms] [LOG] [HMR] connected @ http://localhost:3001/_next/static/chunks/node_modules_next_dist_1ybzpk2._.js:2477
[29387275ms] [LOG] [Fast Refresh] rebuilding @ http://localhost:3001/_next/static/chunks/node_modules_next_dist_1ybzpk2._.js:2477
[29411341ms] [LOG] [Fast Refresh] done in 24168ms @ http://localhost:3001/_next/static/chunks/node_modules_next_dist_1ybzpk2._.js:2477
[31310542ms] [LOG] [HMR] connected @ http://localhost:3001/_next/static/chunks/node_modules_next_dist_1ybzpk2._.js:2477
[31310681ms] [LOG] [Fast Refresh] rebuilding @ http://localhost:3001/_next/static/chunks/node_modules_next_dist_1ybzpk2._.js:2477
[31313567ms] [LOG] [Fast Refresh] done in 2996ms @ http://localhost:3001/_next/static/chunks/node_modules_next_dist_1ybzpk2._.js:2477
[155998291ms] [LOG] [HMR] connected @ http://localhost:3001/_next/static/chunks/node_modules_next_dist_1ybzpk2._.js:2477
[156035241ms] [ERROR] Failed to load resource: net::ERR_NETWORK_CHANGED @ http://localhost:8000/workflow/da1312f3-3f51-44e2-a535-8e1df2a59522:0
[156035242ms] [ERROR] Failed to load resource: net::ERR_NETWORK_CHANGED @ http://localhost:8000/workflow/f72b5e69-bd94-4d35-90b2-ba1703ea8bfb:0
[156035242ms] [ERROR] Failed to load resource: net::ERR_NETWORK_CHANGED @ http://localhost:8000/workflow/7c5880fe-8fde-4169-86c7-cda01adeab36:0
[156035242ms] [ERROR] Failed to load resource: net::ERR_NETWORK_CHANGED @ http://localhost:8000/projects/087be1a5-d307-4cd0-9f2e-a6a12b8bbda4:0
[156035242ms] [ERROR] Failed to load resource: net::ERR_NETWORK_CHANGED @ http://localhost:8000/projects/087be1a5-d307-4cd0-9f2e-a6a12b8bbda4/files:0
